#-----------------------------------------------------------
# Vivado v2019.1 (64-bit)
# SW Build 2552052 on Fri May 24 14:47:09 MDT 2019
# IP Build 2548770 on Fri May 24 18:01:18 MDT 2019
# Start of session at: Thu Aug 21 22:45:52 2025
# Process ID: 90896
# Current directory: /home/ICer/viv
# Command line: vivado
# Log file: /home/ICer/viv/vivado.log
# Journal file: /home/ICer/viv/vivado.jou
#-----------------------------------------------------------
start_gui
open_project /home/ICer/viv/fft_8.xpr
update_compile_order -fileset sources_1
reset_run synth_1
launch_runs impl_1 -jobs 2
wait_on_run impl_1
reset_run synth_1
launch_runs impl_1 -jobs 2
wait_on_run impl_1
set_property board_part xilinx.com:ac701:part0:1.4 [current_project]
reset_property board_connections [get_projects fft_8]
reset_run synth_1
launch_runs impl_1 -jobs 2
wait_on_run impl_1
open_run impl_1
launch_runs impl_1 -to_step write_bitstream -jobs 2
wait_on_run impl_1
reset_run synth_1
launch_runs impl_1 -to_step write_bitstream -jobs 2
wait_on_run impl_1
